<?xml version="1.0" encoding="utf-8" ?>
<result>
	<nb_uniq_visitors>2</nb_uniq_visitors>
	<nb_visits>2</nb_visits>
	<nb_users>0</nb_users>
	<nb_actions>4</nb_actions>
	<max_actions>2</max_actions>
	<bounce_rate>0%</bounce_rate>
	<nb_actions_per_visit>2</nb_actions_per_visit>
	<avg_time_on_site>632</avg_time_on_site>
	<nb_visits_returning>0</nb_visits_returning>
	<nb_actions_returning>0</nb_actions_returning>
	<nb_uniq_visitors_returning>0</nb_uniq_visitors_returning>
	<sum_visit_length_returning>0</sum_visit_length_returning>
	<nb_users_returning>0</nb_users_returning>
	<nb_visits_converted_returning>0</nb_visits_converted_returning>
	<max_actions_returning>0</max_actions_returning>
	<bounce_rate_returning>0%</bounce_rate_returning>
	<nb_actions_per_visit_returning>0</nb_actions_per_visit_returning>
	<avg_time_on_site_returning>0</avg_time_on_site_returning>
	<nb_conversions>1</nb_conversions>
	<nb_visits_converted>1</nb_visits_converted>
	<conversion_rate>50</conversion_rate>
	<revenue>2541</revenue>
	<nb_pageviews>3</nb_pageviews>
	<nb_uniq_pageviews>3</nb_uniq_pageviews>
	<nb_downloads>0</nb_downloads>
	<nb_uniq_downloads>0</nb_uniq_downloads>
	<nb_outlinks>0</nb_outlinks>
	<nb_uniq_outlinks>0</nb_uniq_outlinks>
	<nb_searches>1</nb_searches>
	<nb_keywords>1</nb_keywords>
	<avg_time_generation>0</avg_time_generation>
</result>