<?xml version="1.0" encoding="utf-8" ?>
<results>
	<result idSite="1">
		<row>
			<label>/index.htm</label>
			<nb_visits>1</nb_visits>
			<nb_hits>1</nb_hits>
			<sum_time_spent>0</sum_time_spent>
			<nb_hits_with_time_generation>1</nb_hits_with_time_generation>
			<min_time_generation>0.123</min_time_generation>
			<max_time_generation>0.123</max_time_generation>
			<sum_daily_nb_uniq_visitors>1</sum_daily_nb_uniq_visitors>
			<avg_time_on_page>0</avg_time_on_page>
			<bounce_rate>0%</bounce_rate>
			<exit_rate>0%</exit_rate>
			<avg_time_generation>0.123</avg_time_generation>
			<url>http://example.org/index.htm</url>
		</row>
	</result>
	<result idSite="2" />
</results>