<?xml version="1.0" encoding="utf-8" ?>
<result>5 min 5s</result>