<?xml version="1.0" encoding="utf-8" ?>
<result>
	<row>
		<idSite>1</idSite>
		<idVisit>2</idVisit>
		<visitIp>156.5.0.0</visitIp>
		
		<actionDetails>
			<row>
				<type>action</type>
				<url>http://example.org/this%20is%20cool!</url>
				<pageTitle />
				<pageIdAction>2</pageIdAction>
				
				<pageId>2</pageId>
				<icon />
			</row>
		</actionDetails>
		<goalConversions>0</goalConversions>
		<siteCurrency>USD</siteCurrency>
		<siteCurrencySymbol>$</siteCurrencySymbol>
		
		
		
		
		<userId />
		<visitorType>new</visitorType>
		<visitorTypeIcon />
		<visitConverted>0</visitConverted>
		<visitConvertedIcon />
		<visitCount>1</visitCount>
		
		<visitEcommerceStatus>none</visitEcommerceStatus>
		<visitEcommerceStatusIcon />
		<daysSinceFirstVisit>0</daysSinceFirstVisit>
		<daysSinceLastEcommerceOrder>0</daysSinceLastEcommerceOrder>
		<visitDuration>0</visitDuration>
		<visitDurationPretty>0s</visitDurationPretty>
		<customVariables>
		</customVariables>
		<deviceType>Inconnu</deviceType>
		<browserFamily>unknown</browserFamily>
		<browserFamilyDescription>Inconnu</browserFamilyDescription>
		<events>0</events>
		<provider>Inconnu</provider>
		<providerName>Inconnu</providerName>
		<providerUrl />
		<referrerType>search</referrerType>
		<referrerTypeName>Moteurs de recherche</referrerTypeName>
		<referrerName>Google</referrerName>
		<referrerKeyword>&lt;&gt;&amp;\&quot;the pdo extension is required for this adapter but the extension is not loaded</referrerKeyword>
		<referrerKeywordPosition>4</referrerKeywordPosition>
		<referrerUrl>http://www.google.com.vn/search?q=%3C%3E%26%5C%22the+pdo+extension+is+required+for+this+adapter+but+the+extension+is+not+loaded</referrerUrl>
		<referrerSearchEngineUrl>http://google.com</referrerSearchEngineUrl>
		<referrerSearchEngineIcon>plugins/Referrers/images/searchEngines/google.com.png</referrerSearchEngineIcon>
		<continent>Europe</continent>
		<continentCode>eur</continentCode>
		<country>France</country>
		<countryCode>fr</countryCode>
		<countryFlag>plugins/UserCountry/images/flags/fr.png</countryFlag>
		<region />
		<regionCode />
		<city />
		<location>France</location>
		<latitude />
		<longitude />
		<operatingSystem>Bot</operatingSystem>
		<operatingSystemCode>BOT</operatingSystemCode>
		<operatingSystemShortName>BOT</operatingSystemShortName>
		<operatingSystemIcon>plugins/UserSettings/images/os/UNK.gif</operatingSystemIcon>
		<browserName>Inconnu</browserName>
		<browserIcon>plugins/UserSettings/images/browsers/UNK.gif</browserIcon>
		<browserCode>UNK</browserCode>
		<browserVersion />
		<screenType>normal</screenType>
		<resolution>1024x768</resolution>
		<screenTypeIcon>plugins/UserSettings/images/screens/normal.gif</screenTypeIcon>
		<plugins>flash, java</plugins>
		<pluginsIcons>
			<row>
				<pluginIcon>plugins/UserSettings/images/plugins/flash.gif</pluginIcon>
				<pluginName>flash</pluginName>
			</row>
			<row>
				<pluginIcon>plugins/UserSettings/images/plugins/java.gif</pluginIcon>
				<pluginName>java</pluginName>
			</row>
		</pluginsIcons>
		<deviceType>Inconnu</deviceType>
		<events>0</events>
		<continent>Europe</continent>
		<continentCode>eur</continentCode>
		<country>France</country>
		<countryCode>fr</countryCode>
		<countryFlag>plugins/UserCountry/images/flags/fr.png</countryFlag>
		<region />
		<regionCode />
		<city />
		<location>France</location>
		<latitude />
		<longitude />
		<visitLocalTime>12:34:06</visitLocalTime>
		<visitLocalHour>12</visitLocalHour>
		<daysSinceLastVisit>0</daysSinceLastVisit>
		
		
		
		
		
	</row>
	<row>
		<idSite>1</idSite>
		<idVisit>1</idVisit>
		<visitIp>156.5.0.0</visitIp>
		
		<actionDetails>
			<row>
				<type>action</type>
				<url>http://example.org/this%20is%20cool!</url>
				<pageTitle>incredible title!</pageTitle>
				<pageIdAction>2</pageIdAction>
				
				<pageId>1</pageId>
				<icon />
			</row>
			<row>
				<type>goal</type>
				<goalName>triggered js</goalName>
				<goalId>1</goalId>
				<revenue>0</revenue>
				<goalPageId />
				
				<url>http://example.org/this%20is%20cool!</url>
				<icon>plugins/Morpheus/images/goal.png</icon>
			</row>
		</actionDetails>
		<goalConversions>1</goalConversions>
		<siteCurrency>USD</siteCurrency>
		<siteCurrencySymbol>$</siteCurrencySymbol>
		
		
		
		
		<searches>0</searches>
		<actions>1</actions>
		<userId />
		<visitorType>new</visitorType>
		<visitorTypeIcon />
		<visitConverted>1</visitConverted>
		<visitConvertedIcon>plugins/Morpheus/images/goal.png</visitConvertedIcon>
		<visitCount>1</visitCount>
		
		<visitEcommerceStatus>none</visitEcommerceStatus>
		<visitEcommerceStatusIcon />
		<daysSinceFirstVisit>0</daysSinceFirstVisit>
		<daysSinceLastEcommerceOrder>0</daysSinceLastEcommerceOrder>
		<visitDuration>1084</visitDuration>
		<visitDurationPretty>18 min 4s</visitDurationPretty>
		<customVariables>
		</customVariables>
		<deviceType>Inconnu</deviceType>
		<browserFamily>unknown</browserFamily>
		<browserFamilyDescription>Inconnu</browserFamilyDescription>
		<events>0</events>
		<provider>Inconnu</provider>
		<providerName>Inconnu</providerName>
		<providerUrl />
		<referrerType>search</referrerType>
		<referrerTypeName>Moteurs de recherche</referrerTypeName>
		<referrerName>Google</referrerName>
		<referrerKeyword>Mot clef indéfini</referrerKeyword>
		<referrerKeywordPosition>1</referrerKeywordPosition>
		<referrerUrl>http://piwik.org/faq/general/#faq_144</referrerUrl>
		<referrerSearchEngineUrl>http://google.com</referrerSearchEngineUrl>
		<referrerSearchEngineIcon>plugins/Referrers/images/searchEngines/google.com.png</referrerSearchEngineIcon>
		<continent>Europe</continent>
		<continentCode>eur</continentCode>
		<country>France</country>
		<countryCode>fr</countryCode>
		<countryFlag>plugins/UserCountry/images/flags/fr.png</countryFlag>
		<region />
		<regionCode />
		<city />
		<location>France</location>
		<latitude />
		<longitude />
		<operatingSystem>Bot</operatingSystem>
		<operatingSystemCode>BOT</operatingSystemCode>
		<operatingSystemShortName>BOT</operatingSystemShortName>
		<operatingSystemIcon>plugins/UserSettings/images/os/UNK.gif</operatingSystemIcon>
		<browserName>Inconnu</browserName>
		<browserIcon>plugins/UserSettings/images/browsers/UNK.gif</browserIcon>
		<browserCode>UNK</browserCode>
		<browserVersion />
		<screenType>normal</screenType>
		<resolution>1024x768</resolution>
		<screenTypeIcon>plugins/UserSettings/images/screens/normal.gif</screenTypeIcon>
		<plugins>flash, java</plugins>
		<pluginsIcons>
			<row>
				<pluginIcon>plugins/UserSettings/images/plugins/flash.gif</pluginIcon>
				<pluginName>flash</pluginName>
			</row>
			<row>
				<pluginIcon>plugins/UserSettings/images/plugins/java.gif</pluginIcon>
				<pluginName>java</pluginName>
			</row>
		</pluginsIcons>
		<deviceType>Inconnu</deviceType>
		<events>0</events>
		<continent>Europe</continent>
		<continentCode>eur</continentCode>
		<country>France</country>
		<countryCode>fr</countryCode>
		<countryFlag>plugins/UserCountry/images/flags/fr.png</countryFlag>
		<region />
		<regionCode />
		<city />
		<location>France</location>
		<latitude />
		<longitude />
		<visitLocalTime>12:34:06</visitLocalTime>
		<visitLocalHour>12</visitLocalHour>
		<daysSinceLastVisit>0</daysSinceLastVisit>
		
		
		
		
		
	</row>
</result>