<?xml version="1.0" encoding="utf-8" ?>
<result>
	<row>
		<lastActionDateTime>2010-01-12 11:37:33</lastActionDateTime>
		<actions>5</actions>
		<visitConverted>1</visitConverted>
		<events>0</events>
		<referrerType>campaign</referrerType>
		<referrerName>goal-matching-url-parameter</referrerName>
	</row>
	<row>
		<lastActionDateTime>2010-01-11 11:37:33</lastActionDateTime>
		<actions>5</actions>
		<visitConverted>1</visitConverted>
		<events>0</events>
		<referrerType>website</referrerType>
		<referrerName>referrer.com</referrerName>
	</row>
	<row>
		<lastActionDateTime>2010-01-10 11:37:33</lastActionDateTime>
		<actions>5</actions>
		<visitConverted>1</visitConverted>
		<events>0</events>
		<referrerType>website</referrerType>
		<referrerName>referrer.com</referrerName>
	</row>
	<row>
		<lastActionDateTime>2010-01-09 11:37:33</lastActionDateTime>
		<actions>5</actions>
		<visitConverted>1</visitConverted>
		<events>0</events>
		<referrerType>website</referrerType>
		<referrerName>referrer.com</referrerName>
	</row>
	<row>
		<lastActionDateTime>2010-01-08 11:37:33</lastActionDateTime>
		<actions>5</actions>
		<visitConverted>1</visitConverted>
		<events>0</events>
		<referrerType>website</referrerType>
		<referrerName>referrer.com</referrerName>
	</row>
	<row>
		<lastActionDateTime>2010-01-07 11:37:33</lastActionDateTime>
		<actions>5</actions>
		<visitConverted>1</visitConverted>
		<events>0</events>
		<referrerType>campaign</referrerType>
		<referrerName>goal-matching-url-parameter</referrerName>
	</row>
	<row>
		<lastActionDateTime>2010-01-06 11:37:33</lastActionDateTime>
		<actions>5</actions>
		<visitConverted>1</visitConverted>
		<events>0</events>
		<referrerType>campaign</referrerType>
		<referrerName>goal-matching-url-parameter</referrerName>
	</row>
	<row>
		<lastActionDateTime>2010-01-05 11:37:33</lastActionDateTime>
		<actions>5</actions>
		<visitConverted>1</visitConverted>
		<events>0</events>
		<referrerType>campaign</referrerType>
		<referrerName>goal-matching-url-parameter</referrerName>
	</row>
	<row>
		<lastActionDateTime>2010-01-04 00:01:00</lastActionDateTime>
		<actions>2</actions>
		<visitConverted>1</visitConverted>
		<events>0</events>
		<referrerType>website</referrerType>
		<referrerName>referrer.com</referrerName>
	</row>
	<row>
		<lastActionDateTime>2010-01-03 12:22:33</lastActionDateTime>
		<actions>1</actions>
		<visitConverted>1</visitConverted>
		<events>0</events>
		<referrerType>direct</referrerType>
		<referrerName />
	</row>
</result>