<?xml version="1.0" encoding="utf-8" ?>
<result>
	<website>Site 1 - Site search</website>
	<prettyDate>1 Jan 10 - 31 Jul 10</prettyDate>
	<metadata>
		<category>Actions</category>
		<name>Page URLs</name>
		<module>Actions</module>
		<action>getPageUrls</action>
		<dimension>Page URL</dimension>
		<documentation>This report contains information about the page URLs that have been visited. &lt;br /&gt; The table is organized hierarchically, the URLs are displayed as a folder structure.&lt;br /&gt;Use the plus and minus icons on the left to navigate.</documentation>
		<metrics>
			<nb_hits>Pageviews</nb_hits>
			<nb_visits>Unique Pageviews</nb_visits>
			<bounce_rate>Bounce Rate</bounce_rate>
			<avg_time_on_page>Avg. time on page</avg_time_on_page>
			<exit_rate>Exit rate</exit_rate>
			<avg_time_generation>Avg. generation time</avg_time_generation>
		</metrics>
		<metricsDocumentation>
			<nb_hits>The number of times this page was visited.</nb_hits>
			<nb_visits>The number of visits that included this page. If a page was viewed multiple times during one visit, it is only counted once.</nb_visits>
			<bounce_rate>The percentage of visits that started on this page and left the website straight away.</bounce_rate>
			<avg_time_on_page>The average amount of time visitors spent on this page (only the page, not the entire website).</avg_time_on_page>
			<exit_rate>The percentage of visits that left the website after viewing this page.</exit_rate>
			<avg_time_generation>The average time it took to generate the page. This metric includes the time it took the server to generate the web page, plus the time it took for the visitor to download the response from the server. A lower 'Avg. generation time' means a faster website for your visitors!</avg_time_generation>
		</metricsDocumentation>
		<actionToLoadSubTables>getPageUrls</actionToLoadSubTables>
		<imageGraphUrl>index.php?module=API&amp;method=ImageGraph.get&amp;idSite=1&amp;apiModule=Actions&amp;apiAction=getPageUrls&amp;period=range&amp;date=2010-01-03,2010-07-03</imageGraphUrl>
		<imageGraphEvolutionUrl>index.php?module=API&amp;method=ImageGraph.get&amp;idSite=1&amp;apiModule=Actions&amp;apiAction=getPageUrls&amp;period=month&amp;date=2010-01-03,2010-07-03</imageGraphEvolutionUrl>
		<uniqueId>Actions_getPageUrls</uniqueId>
	</metadata>
	<columns>
		<label>Page URL</label>
		<nb_hits>Pageviews</nb_hits>
		<nb_visits>Unique Pageviews</nb_visits>
		<bounce_rate>Bounce Rate</bounce_rate>
		<avg_time_on_page>Avg. time on page</avg_time_on_page>
		<exit_rate>Exit rate</exit_rate>
		<avg_time_generation>Avg. generation time</avg_time_generation>
	</columns>
	<reportData>
		<result prettyDate="2010, January">
			<row>
				<label>/index.htm</label>
				<nb_visits>1</nb_visits>
				<nb_hits>1</nb_hits>
				<avg_time_on_page>00:00:36</avg_time_on_page>
				<bounce_rate>0%</bounce_rate>
				<exit_rate>0%</exit_rate>
				<avg_time_generation>0s</avg_time_generation>
			</row>
			<row>
				<label>/index.htm?gkwd=SHOULD be a PageView, NOT a search</label>
				<nb_visits>1</nb_visits>
				<nb_hits>1</nb_hits>
				<avg_time_on_page>00:00:00</avg_time_on_page>
				<bounce_rate>0%</bounce_rate>
				<exit_rate>100%</exit_rate>
				<avg_time_generation>0s</avg_time_generation>
			</row>
			<row>
				<label>/index.htm?random=PAGEVIEW, NOT SEARCH&amp;mykwd=&amp;IS_FOLLOWING_SEARCH ONCE</label>
				<nb_visits>1</nb_visits>
				<nb_hits>2</nb_hits>
				<avg_time_on_page>00:03:36</avg_time_on_page>
				<bounce_rate>0%</bounce_rate>
				<exit_rate>0%</exit_rate>
				<avg_time_generation>0s</avg_time_generation>
			</row>
		</result>
		<result prettyDate="2010, February" />
		<result prettyDate="2010, March" />
		<result prettyDate="2010, April" />
		<result prettyDate="2010, May" />
		<result prettyDate="2010, June" />
		<result prettyDate="2010, July" />
	</reportData>
	<reportMetadata>
		<result prettyDate="2010, January">
			<row>
				<url>http://example.org/index.htm</url>
			</row>
			<row>
				<url>http://example.org/index.htm?gkwd=SHOULD be a PageView, NOT a search</url>
			</row>
			<row>
				<url>http://example.org/index.htm?random=PAGEVIEW, NOT SEARCH&amp;mykwd=&amp;IS_FOLLOWING_SEARCH ONCE</url>
			</row>
		</result>
		<result prettyDate="2010, February" />
		<result prettyDate="2010, March" />
		<result prettyDate="2010, April" />
		<result prettyDate="2010, May" />
		<result prettyDate="2010, June" />
		<result prettyDate="2010, July" />
	</reportMetadata>
	<reportTotal>
		<nb_visits>3</nb_visits>
		<nb_hits>4</nb_hits>
	</reportTotal>
</result>