<?xml version="1.0" encoding="utf-8" ?>
<result>
	<row>
		<nb_visits>2</nb_visits>
		<nb_actions>3</nb_actions>
		<label>Site AAAAAA</label>
		<visits_evolution>0%</visits_evolution>
		<actions_evolution>0%</actions_evolution>
		<pageviews_evolution>0%</pageviews_evolution>
		<revenue_evolution>0%</revenue_evolution>
		<nb_pageviews>3</nb_pageviews>
		<revenue>0</revenue>
		<group />
		<main_url>http://piwik.net</main_url>
		<idsite>1</idsite>
	</row>
</result>