<?xml version="1.0" encoding="utf-8" ?>
<result>
	<row>
		<label>dev.piwik.org</label>
		<nb_visits>1</nb_visits>
		<nb_hits>2</nb_hits>
		<sum_time_spent>540</sum_time_spent>
		<subtable>
			<row>
				<label>/svn</label>
				<nb_visits>1</nb_visits>
				<nb_uniq_visitors>1</nb_uniq_visitors>
				<nb_hits>2</nb_hits>
				<sum_time_spent>540</sum_time_spent>
				<url>http://dev.piwik.org/svn</url>
			</row>
		</subtable>
	</row>
	<row>
		<label>outlinks.org</label>
		<nb_visits>1</nb_visits>
		<nb_hits>1</nb_hits>
		<sum_time_spent>108</sum_time_spent>
		<subtable>
			<row>
				<label>/other_outlink</label>
				<nb_visits>1</nb_visits>
				<nb_uniq_visitors>1</nb_uniq_visitors>
				<nb_hits>1</nb_hits>
				<sum_time_spent>108</sum_time_spent>
				<url>http://outlinks.org/other_outlink</url>
			</row>
		</subtable>
	</row>
</result>