<?xml version="1.0" encoding="utf-8" ?>
<result>
	<row>
		<col name="label">this search term</col>
		<col name="1. Toronto, Ontario, Canada">0</col>
		<col name="Others">3</col>
	</row>
	<row>
		<col name="label">search term 2</col>
		<col name="1. Toronto, Ontario, Canada">0</col>
		<col name="Others">2</col>
	</row>
	<row>
		<col name="label">search term 3</col>
		<col name="1. Toronto, Ontario, Canada">2</col>
		<col name="Others">0</col>
	</row>
	<row>
		<col name="label">search term 4</col>
		<col name="1. Toronto, Ontario, Canada">2</col>
		<col name="Others">0</col>
	</row>
	<row>
		<col name="label">that search term</col>
		<col name="1. Toronto, Ontario, Canada">0</col>
		<col name="Others">2</col>
	</row>
	<row>
		<col name="label">search term 1</col>
		<col name="1. Toronto, Ontario, Canada">0</col>
		<col name="Others">1</col>
	</row>
</result>