<html>
<head>
    <meta charset="utf-8">
</head>
<body style="color: rgb(68,68,68);">

<a id="reportTop" target="_blank" href=""><img title="Go to Piwik" border="0" alt="Piwik" src='plugins/Morpheus/images/logo-header.png'/></a>

<h1 style="color: rgb(126,115,99); font-size: 11pt;">
    Piwik test
</h1>

<p>
    Mail Test report - Date range: Week 4 April - 10 April 2011
</p>


<h2 id="Actions_getPageTitles" style="color: rgb(126,115,99); font-size: 11pt;">
    Page titles
</h2>

            <img alt=""
                                    src="data:image/png;base64,iVBORw0KGgoAAAANSUhEUgAAArwAAADICAIAAACF9KXqAAAACXBIWXMAAA7EAAAOxAGVKw4bAAAgAElEQVR4nO3de4wd1X3A8bP23V2wWZvH2us3XjbEQCBxsHkUasyzBgIxduJ40zyskIg8kJq4CUmqROVGTV/0gaoItUIoaSKk1lWKQ+okNBQpDqJKiJFQ1USksNkQsmDYhY3xA3u969s/xh4PM+ecOefMmbkzc78fWWh2OHPOb34zd+bcc+be29VqtQQAAECaWe0OAAAAVIO80zA0NFRwHAAAoOQknQZ6DAAAICneaRgaGhoZGWlLKAAAoMwa0T+kPYaxsbHony+//PKiRYs0NR4+fHjWrFk9PT2+QoQgq/kgq3kgq3kgq3kgqw5OjjT4GmOYmpqanp7OXg+iyGoeyGoeyGoeyGoeyKqD+EhDdDnoQyxdujRaJvZnUqvV6u3t7e/v9xckyGouyGoeyGoeyGoeyKqDk52G6DBD3k82/O+z4/lVXkvjE6/39HTvneRLNXzq5KxeeO6CdocAoHr4ngYAAGCETgMAADAi7zTwqUtbG2+8vC0Vbrzx8uCf39YLUMWYq4g8A/CoRCMN0qtbsJILn9TGGy9/+JGfBP/0xQoLyVAQuVDHpo857z0Ku2KFdcjya+XhR35SwhMAQEWVqNOgob8pVpffq7mqtuKzl3rLzxhSAXsU9saKuenmukf0GwD4UqJOQ/LSlv3uAmTHTRcAAo30IiUQ6z2EV/BwZbSAajlWm6qSYL2+udh6VZzJYKL1xGZe9N2jj33wlmS04X/DsKW1JRMSjVzTrqq26LbJpOn3y7wjqAlVdT7EolK1G5Z/4MFdJpEkA5OGFIshtl5zTiZPudQNpcuawyrNCQDYqkanISq1T5ClktSbjeF9y6RF8+v4xhsvf+DBXT093fPnzQ83iW1uVZuqS6EPWLptcqXH+5NJqBkPxLf+7T+zh6SKwflcddjQ8LACQBYlmp4Qbx4HNrlDqGY0Uu8cqkr0b4ujb+itrsjJerJsm3Go3OEOFO2auFXoJrXmjAfigQd3ffh9G6y2Sj0nVeuj4zHRI6jvpybLC7OTnB4DgDx4GGnYvH2neeGH7t2UsTnptTJ1RLrSSjWhXqpgHBjGrxnqN8+Ac64cTnLpzBoA+FX09ESz2Ww2m1lq6MBr4sOP/GR8YiKYnmhvJLZzASUUjT/IamqxKKsMqCqJPgvicfAm+mRDB75MABTAQ6fhoXs3NZvNwcHB4M/JyclGo9HX1yctPDqaUluWN0zJd13wqDYjN87KkIHUk1z69AkAeOHnmYZms7nthC1btgwPD29TyD7MkJzfDf9XsrBJnZrLq2r6ObleVbOqHpPApNvabu7GJGAvYUjvfOY3vIwHQghh8kyDiuoZBVVbsSkPzTCDw0lOLxlAAar36YnYJdX50xOGNagek4ytl94/pGWi9WiewVTFoClpWJuhZG2avTOPJHmzTNZjFXyWAyGEsPr0hKpazYF2O1cdNtRvwsADAC+6Wi3Pvws8NjaW+gvl7f1p7CpeQEvyTIMXuebfqvKcslrCEywZUn4/jW1yBYAtspoHsuqgXB+5RCeo3xMn+o9Qtl0JQwJQUdWbnkANaGb0q8jvxJBfdcozgLZrT6chv6FRE1X84e+xOVM1G0bL6ShYVesxq6U9qUobGIAqYnoCAAAYac9Iw/Rvd7el3eqaPT7R1dM9fbgOD0KWR/2y2li2vt0hAKgzRhoAAIAROg0AAMBIR3QaVq2/vd0hpCh/hIZqsyNlRpIBtEsZP3IZXBN/ufvr7Q5ELnbJLm2cxVu1/vZf7v568F/V/9Vvm2ts0T+LOWo57ZQmyQCQqzJ2GrzI9aoarbmNl+9S3TkyBlPAjhR/1HI9A0t19AF0iNJNTwSXwuCa2O5YjFQoVIQ4agDgoBojDeG4d7gm9q4xtjJYE7srqDZP1hBtzvzNnGqrZHjJeKI1qNZc+u7tsSD1lUczpmk6ljTNei+TC6pDGashGYw+OYZxaqKKxaMKQ9qWKrbUCKMFNMvS2BhsAFC8anQahOwOkbxeh8ux6+mq9berNlctu12O9Tc21bIweLTtyvd+/snv3jt//vxw29R7hnnTmtubZkNnmmOhKmBVp22cJqeWyJyT7FtZbQgAeSjd9ISKybN1mjFn1aVWVYPtAIO0FVXlDne1J759T7Qek61UmUlubvjooq8hfX38DvdFhzg1R00fhrStWIup3aBkhMlKpOgxAGgvDyMN+//hlOif84KVisJ9nz6sqSp2KS/mfZXDjVAz01EJ5rtclYl/w9GIcDl1qihjW4ZbpU67OPRiASA/RU9PNJvNZrOpKVD8XUr6ztt2kwqxGvyvyp6axGk42uR29KNDDqoCqRFqmqPrAKAMPHQa+j59uNlsDg4OBn9OTk42Go2+vj556clRfW22k9mwwqR4zKXv3t72hMSexZGWyfKoDQD44ueZhmazue2ELVu2DA8Pb1PQDDMkL4ips7ypc8mppLPLVjWYV666N6hajD6FcOV7P58lQs0MvSYet+RIj5r5obFNjnOc+modcqIfZtBslSycLAYAZVCZT0+oqB7xM39qL1bS1+N+5uFF561VkTzx7XtiH7nUVB6QTuGrmpDGIy2v2U1VK5oNNbVpIjT507CtJ797r6qejDnR7JSXrRh1AFC8rlar5bfGsbGx3t7e/v5+TRl+GtvWxPhEd0938JFLExnvKNk/wuBRfjVbZbVsN2lpPGX4aWyTKwBskdU8kFUHlfnIJXKVcZZH1PE7FrPnJD9liwdAh6j89AS80M90WFVSm5uZl5zkoU5JBlAt7ek0lGEQtVpmusYavb0N42G0kZER2yYcNsmpkgLqDKRmNb+msyhnVAA6AdMTAADASHtGGvbvebEt7VbXkYlXW93d++dPtTuQWiGreSCreQiyKq7jkT3kaPP2nUKIf/6zm+ed1qsqw0gDAACdbv/B4x39U0/p1hSj0wAAQKcbHftdsNDd0HUMOqLTsHrrunaHkKL8EeahgL3O2ERnHhcNElIAkoy2aP7jE0KIm64c1BcrY6dh9dZ1ZX7ZBOGF/9odTtmVNkWlDcwjv/u4euu6p3c8rqpT31be2W7LqzKnhjRJBvK2dGCevkAZOw1e5Pqqe3rH4+G/Nr68K3FleXrH49E/2xtztPVYYMUrIBUe9zHoMZQhEk0TBb8q89sp+g1olxWLFT82eULpOg3BtalCr5kKhQp0CF6VgJWZmWPBwtmLUkYaqvGNkMlx0WgfP1wfrgzWxK4amneZsRqizZm/mVBtlQwvGU+0BtWa9XfcEgtSX3k0Y5qmY0nTrFelIhpkcjm2JtmQybt/6e5E/9SnTtX6o/ft1NQvDUNfQFUmuY/Sw2d4qmgOTewkVCVBWolmv8yHGVZvXffofTvDc1W8+TWl2aPUI2iSfE1UsXhUYUjbUsWWGqH+paGPTZoTICcvv3YwWJg7p0dfshqdBiG7giRfz+Fy8l6l2ly17PZy1V/4VMvCYKT6hjs37b5/V/DTStHBGP3dy7BpzeVPs6EDq+Oi3x2h7u6Yt66pPxmGSSpMziXV4bM9VQzL68Mzz7+56LkqrdP25JdGbh6PyaVDGCQ2jwjzyD/g4IWXXg8WZs3q0pcs3fSESuo1WmjHJA3fQkmHCvSiNegvjmHlDle98D2xeWyqzOhvh5r1mvRGyxvewlXBGJb0fm3V76lJKpJlzEO1PVU08die6lFesho9V1PDMGF7Hgrtq1IfhrStWIup3SDV+ZMaNj0GtMtff+NJIcSma89NLelhpOGptfcnVz6vKLxmzx2aqmIv9WL63VY3ueQmVXydm++ySUnpkarfeyaH88Rq2yz1O4fh0EtuC9sEJs9Gv20ZbpX60qhK/tEhVi6Zn1qm6OmJZrPZbDY1BQq4dMZI33nbblIhVoPDld5Tv5xTYZjwAlItbSIcqy8mBjcmgRkOsbi9uqNDDpo0OqhE/tEhlqc9BSm8dBrW7Lmj2WwODh7/RojJyclGo9HXp/jYxmhKbbaTnbCS3wBAWLPtDEW9VWXERTrNXwNl2COTl0Zd849KmDo6EyysWJzeafDzTEOz2dx2wpYtW4aHh7cpaIYZki+Y1NtP6lxjKunso1UN5pWrrh2qFqOz1DfcuSlLhJoZXE085slJVt7ea1/Gg2hyKmqG+jUxaBIord/w0Jic+dImHBJl8jyH+eapJ7+0Refjq0lgalv6YQbNVsnCyWJAGz3/0r5gIfUpSFGhT0+oqB4BM3+/Gyvp942ySXjReU1VJNGPsSUnRIXs2iSd4lU1IY1HWt5m7yVyGocwPIia1lN30yQVySOiCSy2rKrf5NC43bCjA+P6emL3y2QarU4M25NfFbltW6qmNcvmbXnfilEHFOYL9+4WQlx/2dkmhbtarZbf5sfGxnp7e/v7dT/hyk9j2xqfmOjp7g4/xpYq4xWnQy5YYVYrtL/tCtW83YLPVV9KEkYoFk+Q1WXXnd/GkOrH5G7VCYJfxP7wuy+87Zr0T09U5iOXyFXGWR7kpySHpn6PqpQksVJliwedIPW7IAOVn56AFw5j3ShGeQ6NZlK/isqT2Jg6JRnlF36B9HKDpyBFuzoNfWuXtKXd6np9rNXb29tnPIw2MjJi24TDJlUXZrXk+16e8EwiKeBc9aU8iY2SRhVktfhgUHv7DhwJFvpPP9WkPNMTAAB0qBf2vm5Vvj0jDS/u2d+Wdqvr1Ykj3d2tqfnkzSeymof6ZXXJ2pQfCwaq6yv/9N9CiE3XpT8CGWCkAQCAjrak/zTDknQaAADoaMvMPjohOqTTsG7r6naHkKL8EeahM/faFlkqBnlGBzoyNR0sLFtY5ZGGdVtXl/kFHIQX/mt3OGVHirJYt3X14zueFuo06tObd/Lb8lrIqaHHdzzNuYpO8/Krh4KFuXN6DDcpY6fBi1xf/4/veDr818YLTSWuccE9L1TymEsVXthjcJZxc8MmCn4t5LdT9BvQaT5zz2O2m5Su0xBcKCv06q1QqECueC0AVfShW99mXrga3wgZ9CSi16Pou41wfbgyWBO7fqk2T9YQbc78bY1qq2R4yXiiNajW3HLH+liQ+sqjGdM0HUuaZr0qFdEgk8uxNcmGNMdFui/CLL3JSpLFNt15Q7ROVUql25qnK3li6A+0ao1+76QpilWSjDm1XcP0qqKKxaMKQ9qWKrbUCPUnpD42aU6AejP/6ISoSqdByK5lyStLuJy8V6k2Vy27XTj0l2DVsjAYFd905w277t8d/AhQdDBGE6R505oLsWZDB1bHRbUvIu3o6zePbrvzvke7u3uiWTU8grbpKuA+lJpJ21NOZNsFk0MmMp9p2bey2hCoJcMvkA6UbnpCxeReohkdNbmdRGuwfZMnbUVVucP1d+d9j0brMdlKlZnk5oa3ak16o+VN7kbSIG2LGYaXLGbetLQJh3TFysdC9XLTSh1osW3C9ugL7WtBH4a0rdQspUZoeELSY0Bn2n9wKlgYOHOO+VYeRhruX/uUbPXz0sJ37FmjqSp20SnmHYDVTS65SRWvOOa7bFLSZJS7nKLTEyoOp0dtGI5GhMvJc8BvW4ZbpZ6QDu8NgPr57cvHv7Z19myL4YOipyeazWaz2dQUKP4aLX3nbbtJhVgNU1d6T/WS0xPSYg6nh4nom+nSJtkkMMMxPLfXVGqWnFMXzpVkqQSotC997cdCiI3XmH6BdMBDp+GOPWuazebg4GDw5+TkZKPR6OtTfFv7aEptttOusJLfLSqs2XaGoi2CaCcmxtsdSD3dcsf6tt+JTU5I6WMWQEdZ1D/XqryfZxqazea2E7Zs2TI8PLxNQTPMkHzppt5+ss8NS+dBrWowr1x1FVO1GJ0Rjw6ku82nqOaSNfGYJydZeQFXYcOjb5JtzX6lTpOr0pV6NloNM0hfC86bp55y0hadXxqaFKW2pR9m0GyVLJwsBmDpAouPTogKfXpCRfW4mfn73VhJv2+UTcKLzrCqItl536Oxj1xqKg9IJ5tVTUjjkZa32XuJYtKbWswwD9KSyWKq5ey7pj+lrZqwPeWkfxq2tev+3ap6/J5p3rdi1AEd4uj0sWBh2SK7H3HtarVafkMZGxvr7e3t7+/XlOGnsW1NTIyHs+8mMl77OuTSaZtVFed06TfM9SjkV7lVVst2pknjKcNPY5tcV2Grk7P60viBO//iUSHEQ/dustqwMh+5RK4yzvJ0Gi/pMpy/cKi5zMp8ppUtHiA/QY/BQeWnJ+CFx3H1TlBYuqyee6iE0p5pNcszYOIPb77AdpP2dBrKMNxXLa2x13t7e/v7TfM2MjJi24TDJlVnm9Wo7OkyrCGn45Lf4U7NajnPtHJGBeRqsc0XSAfe1GkYGhoKl3kJAQBQY0sHMnQahoaGoh2F2J9+/Xrvnpxqrqvx1yZ6eroPTGd9ZA9RHrO6ctHa7JUAQAEOHT4aLAycZfclDSL6ICRDCwAA1N5L4weChVN7rR9RSN9g37590T8PHDgwb57uF7GmpqZardb+/boPVR46dMgwPgSmp48K0SJvfnnMqv6E7ygmVwDYIqt56Nis3vX3PxJC3HjFCod9l3caonMTL774YvR/jY6ORh99SDpy5MisWbMOHjyoKTOx71XLOHPxkfd/7hv/8rf6Nfr13gNQOXr06KxZXW+8cTh7VQilZjVJlefZR19MruxMJlcA2CKreejwrHZ3HYnd303EOw1BhyA6VXH++edHC8T+TDL5uozevZLezXVXbn3siR36yr1bsWJ5rN0VK5arSjq3otm11GqDbcfHJ3p6ulVfmBPWr2pIE0Deab/uyq3RP4s5xIY7pc+q1GNP7JBWvnLRKrsQ66uTvzAnP2Q1Dx2c1V8IId554dCqVQO2W77py52CAYZ2PdxQfI8h13ajN8toE7GbqJeGsuxCAWl/7Ikd4T/vu69qMdfKi9kLAMjPsgHdkwYqJzsNuX5cAghwxwWANnpt3xvBwhnzeh02V35Pgyj88xTRd8zBcuqb9eiYfLAyWkNyQyF7o598p67a1rZAMv7ketuaU4PXl5SGpE+RdEA+drCsYla1pRmPUbWlCiy2Phlh8mTT7Fdy11STFABQch9rPhIszJ7t8jsSJzsNZRtmSF73k/cJ1Vy+yS1BKG7emvKGBUTiphK9aaluS4Y1Z6HJkqaMeZ22MZsc4mgMbm1l38pqQwAov/f9geNjWOX9wSqTB/rCZc31PXx7bXjdl26bWnl2+dUcrdMqhlQOMUc3sXpmU9pWrEX9iIg0ws0332ESNj0GAHUy0G/9tU4BD7898ZVvWnwX3t3bivguyFxnzfOrvIqT/SYxa8b5rXbZLT/SrYKOwr9+575YyWiHJjbhBQC1sWSh4y9AFf2DVc1ms9ls5t1K3g/PV67m/NgO3kTZToXoZ4I0U0WpEWqao+sAoDZmZo4FC8sH2tdpuHvbnmazOTg4GPw5OTnZaDT6+uQBjYrR7C12lLrersrwlMDwbXc+9P37hXZiRfXEJQBUztgrx79Aes4p3W41+Hmmodlsbjthy5Ytw8PD2xQyDjMk57BTy4jIm8XUbWOStwpV5dmparaqX3rzM7/hGaYo9lyn9H/ZUtVp0pZ+mEGzVbJwshgA1MZn7nlMCLHhipXONRQ9PZFd9DaguhdKP1uY3Fb16YnkhiaV64ulrjevObmJ/lk/q7fI0hQlA1Ol0bwtwzqzt5XHVgw8AKiuhWfOcd62q9VqeQxFmH0xJz+NbUvzhce53sDKcHfMLwaHr5FWhcRPY4c6+Kt5c0RW89CBWd28facQ4gsfueyyty9xq6G8H7mEoTw+nNle+k9Rtl0JQwIAc0sHTnPetnrTE0jSTOpXkckMVLvUKc8AOsr+g1PBwsBZVes0MJZrq3smZRgtpy/0bNf3hBbTbmpWk8r2xakAYGjbl78XLHQ33CcZmJ4AAKBT3HLVUHohNToNAAB0isULHL9AOkCnAQCATrFs4bwsm9NpAACgUyxf7PgF0gE6DQAA1Nwrrx4MFubN7c1SD50GAABq7hNf/WGwMGtWV5Z66DQAANARNl/31ow10GkAAKAjLHP9RewQnQYAAOrs2LHjPzKV8SlIQacBAIB6m5k5FiysXGz9+3wxdBoAAKiz37z8erAwe3bWmz6dBgAA6uyuv/uREOL3XH8OO4pOAwAA9bdySabvggzQaQAAoP5WLj09eyV0GgAAqK3woxMrl2Z9ClLQaQAAoMb2HTgSLCw4Y0722ug0AABQWx+9+wcea6PTAABAzb3rqiEv9dBpAACg5pZn/gLpAJ0GAABqbvkiOg0AAEBt6uhMsLBikYcvaRB0GgAAqKtXXjsYLMyd0+OlQjoNAADU0x/91WNCiKvWLPNVIZ0GAADqbMmC03xVRacBAIA6W+rpoxOCTgMAAPW2fMDPU5BCiIavigAAQHkcOnw0WFi60Gh64ivfXCuE+Pxtj506X/krFYw0AABQQx/8k13BwuzZ6ff6oMcg3jjl2NRRTTE6DQAA1Na71p2TWmbiueeChbX7bpm7oF9Tkk4DAAC1tWRh+lOQ9z0xLISY+8K57/rCF/Ul6TQAAFBbqZ+3HNvzVLBwyZlXpdZGpwEAgLo5On0sWEj91YkHfv5xIcTpv7po/ac+mVotnQYAAOpmct8bwcKZ80/VFPvNT58MFi4751qTauk0AABQN5/46g+FEOvXLtcX+8YznxJCnPHcRRe/Z7NJtXQaAACop4Gz5mr+78juHwcL1659T89pupIhOg0AANTTUvVTkNNTUw/++o+FEAPPrr1w4y2GFdJpAACgnpaovwvyF7u+HyzccP2weYV0GgAAqJU3jkwHC4vVIw07939VCLHi2d8fuvpq85rpNAAAUCsf+OJ/BAtzTumWFjj+pdFCXHvT+6xqptMAAEAN3fz7KV8gfe5z15195RVWddJpAACghgb65R+ICIcZbvjA7bZ10mkAAKCGFis6DYHzfrVhwXmrbOuk0wAAQA2tWDQvuTIYZmi8svg9X7rboU46DQAA1Mfv9h8OFs5IfIH0yZ/AnnV1o6fHoXI6DQAA1Mftf/oDIcT6tcu7G/FbfPAT2H3Pr9rw2c+6VU6nAQCAullwenyYIfxtqksWpv8EtgqdBgAA6ib5qxPHf5tq5KJ1n/i4c7V0GgAAqJslC/uif47++PFgYd2FN2eplk4DAAA1cXT6WLCwbOBNnYZvjW4XQpwx8o6LbtuYpX46DQAA1MTWux4OFvrmnvxwRPhtTjde9UG3D02E6DQAAFArG64YDJenDhwMFhY/e9lbr78mY810GgAAqJUFZ84Jl//y39cHCxtu+kD2muk0AABQK8kvkB589irb36aSotMAAECtLD3x0YnwaYarbx32UjOdBgAA6uDgoalgYeCsOdH1541uWHHZpV6aoNMAAEAdfOhL3wsWensa4sQwQ++LK68d/rCvJug0AABQH7dePRT98y1HL3D4CWwVOg0AANTHorNOEyeGGbr3Lrvti1/2WDmdBgAA6mPJgrnh84+X9jj+BLYKnQYAAOpj+aJ5wcK8X59//fbP+K2cTgMAAJW3efvOYOFr31kXLFy69GrvrdBpAACgJq66eFmwcNZzq6/82Ee910+nAQCAmth37JPBwvo1mX7NUoVOAwAAtXLWs+88/+YNedRMpwEAgDp4x+o/DxZuvekjfj80EWpE/xgaOvmNECMjI3m0BwAA/JqZOdY4dvw7pJf93xVnb/Pw21RSJzsNQ0ND0Y5C7E8AAFBOWz738Dsu/ptg+cZN2/JriOkJAACqrevYdLAw9NzVS9euya+hRnoRSw/8Vy5PbAIAAKm3X3x84ZqN78+1ofROw89+9rPon88888wFF1yQWzwAAMDFgp9fuvdCsfepp/JrIr3TcMkll2j+TPrpjktnZk3PaZ2WJay9C385b3zpKa25mSpZ/j8Lf5upf3Owse/w/MkF42/JUsm+uXtnZk/371+epZLxM0Z7DvbNn+rPUomvrPb/5ryuLveJrUPdZDVRCVl9M7IaQ1Zj6pTV6Znp8ZU/X/hCprvVTNf0zOyj66/f/LY1Oc5NiDymJ2765F1z5swZGBjwXnMnGx0dJavekdU8kNU8kNU8kFUHPAgJAACMnBxpGBkZ4XsaAACAypumJ+goAAAAla5Wq9XuGAAAQAXwTAMAADBCpwEAOkL0qTXAjf+PXIoTp2b4hIT++UpfT1/GGs1es9VemDdn+6MeqdnLKRjb3ddLbq6pUHoovT9w096Q/KZXWknyDqF6dWRp1DweaYGM7SaPi2plxiYCseOlee3k9HxYGIx0l0Pes+orpSbnZB7tJmOwuj35CqmYHczdOeec0/IqqDCsNla/1Z/OjWav2WovrJqziiQ1XdLasgdju/t6qWHbFsiuvSH5Ta9hJTm99Jzjyd5o8lWvWpmxCWnlvl7jzsE4tGhSTHUtzWOnTF5lftt1uLD7CqnIxOaqIX2PFfSUVb1avSydJlXvLzUe7z0128GAWPlkzCLy5s+8d5k6SJDsuXsJxm8+HY5XGHNsvXR4IHraGEbusIMeQ8rjjYW+ztTMRPdO897apC3zMskgo9u6verzPnVtm0jG73Z1dRu90B9Kw73Lb9RE2lb0PIwmSnV6ZLk9GZ7JXkIqLLF5awjZj2IL12uxF2WLx5nm/u295jYGU5gS/np7CUPKSLpHxexX8gVexVd9jDR+t/2y7bfV5kIa0J8ehFQY5TMNxex58u1ve+PRtO5l1jmLepyXyeA1HXOTPY2Oo7ilRf8Ouy0hZVS2roxzACU5z93GXDWyZ0P6OjKpvzwpzR6Jr33xeHxLkt5cNaJj1IasUjwiG0KPFYjWnLx8l0HeV2F9SlWPz+QUTE4cHgLKeN9NPVGjARge4pIPz5jPfKVWYlvY8NT11W6Rsrw1t90p5xuYJv/VEt4yNL0iPdscph7f7CHVyfGRBqtcZDmbDbPcacdGk1LptILm/5aT+QCDR/r6q5I6c9I9cthNq/JWp65GbNjcPOec148AAAEdSURBVIAyc9gpv+dkOS+kGWdXU/eimNd1Lc9YE5Lvachv//VDapqtcorHl+Roiq8bktsVP6dgnGXpMaSOVAmnd/9ZcpJTSBllbE61ufOrr+1nnRflv/iYq9C+jIyMFHbjNyxZWEjlp/z0hPMUfrhhOJ6jGSySPiuQXJkaT7JRac1e9iLLjkRXuo3ZOkwJOQRju/u2e5Fc47xfzpIBOFTutpX39MaqjcamHwlINmp+8jjEoyls0hVT1R+bZkqudCbdcfMmHHbKKhLbTUwu7JqT09fkl0MNvjLp8aVnG1LeiS2M/LcnyvYuoWzxAMiurq/ruu4XIPgaaQAAYIhfuQRQtGqNx5qr634BIToNAADACNMTAADACJ0GAABg5P8Bmz8abEW3DPEAAAAASUVORK5CYII="
                                height="200"
                width="700"/>
    
    
        <br/>
    <a style="text-decoration:none; color: rgb(126,115,99); font-size: 9pt;" href="#reportTop">
        Back to top
    </a>
</body>
</html>