<?xml version="1.0" encoding="utf-8" ?>
<result>
	<row>
		<label>Firefox 6.0</label>
		<nb_uniq_visitors>3</nb_uniq_visitors>
		<nb_visits>15</nb_visits>
		<nb_actions>15</nb_actions>
		<nb_users>0</nb_users>
		<max_actions>1</max_actions>
		<sum_visit_length>0</sum_visit_length>
		<bounce_count>15</bounce_count>
		<nb_visits_converted>0</nb_visits_converted>
		<logo>plugins/UserSettings/images/browsers/FF.gif</logo>
		<shortLabel>Firefox 6.0</shortLabel>
	</row>
	<row>
		<label>Internet Explorer 9.0</label>
		<nb_uniq_visitors>3</nb_uniq_visitors>
		<nb_visits>15</nb_visits>
		<nb_actions>15</nb_actions>
		<nb_users>0</nb_users>
		<max_actions>1</max_actions>
		<sum_visit_length>0</sum_visit_length>
		<bounce_count>15</bounce_count>
		<nb_visits_converted>0</nb_visits_converted>
		<logo>plugins/UserSettings/images/browsers/IE.gif</logo>
		<shortLabel>Internet Explorer 9.0</shortLabel>
	</row>
	<row>
		<label>Others</label>
		<nb_uniq_visitors>9</nb_uniq_visitors>
		<nb_visits>45</nb_visits>
		<nb_actions>45</nb_actions>
		<nb_users>0</nb_users>
		<max_actions>1</max_actions>
		<sum_visit_length>0</sum_visit_length>
		<bounce_count>45</bounce_count>
		<nb_visits_converted>0</nb_visits_converted>
		<logo>plugins/UserSettings/images/browsers/UNK.gif</logo>
		<shortLabel>-1</shortLabel>
	</row>
</result>