[{"country_code":"US","region_code":null,"city_name":"","area_code":0,"lat":38,"long":-97,"postal_code":null,"continent_code":"amn","continent_name":"North America","country_name":"United States","ip":"2001:db8:85a3:0:0:8a2e:370:7334"}]