<?xml version="1.0" encoding="utf-8" ?>
<result>
	<row>
		<nb_visits>5</nb_visits>
	</row>
</result>